This is pdfTeX, Version 3.141592653-2.6-1.40.29 (TeX Live 2026) (preloaded format=pdflatex 2026.3.12)  9 MAY 2026 19:58
entering extended mode
 restricted \write18 enabled.
 %&-line parsing enabled.
**relatorio.tex
(./relatorio.tex
LaTeX2e <2025-11-01>
L3 programming layer <2026-01-19>
(/usr/local/texlive/2026basic/texmf-dist/tex/latex/base/article.cls
Document Class: article 2025/01/22 v1.4n Standard LaTeX document class
(/usr/local/texlive/2026basic/texmf-dist/tex/latex/base/size12.clo
File: size12.clo 2025/01/22 v1.4n Standard LaTeX file (size option)
)
\c@part=\count275
\c@section=\count276
\c@subsection=\count277
\c@subsubsection=\count278
\c@paragraph=\count279
\c@subparagraph=\count280
\c@figure=\count281
\c@table=\count282
\abovecaptionskip=\skip49
\belowcaptionskip=\skip50
\bibindent=\dimen148
)
(/usr/local/texlive/2026basic/texmf-dist/tex/latex/base/inputenc.sty
Package: inputenc 2024/02/08 v1.3d Input encoding file
\inpenc@prehook=\toks17
\inpenc@posthook=\toks18
)
(/usr/local/texlive/2026basic/texmf-dist/tex/generic/babel/babel.sty
Package: babel 2026/02/14 v26.3 The multilingual framework for LuaLaTeX, pdfLaT
eX and XeLaTeX
\babel@savecnt=\count283
LaTeX Encoding Info:    Redeclaring text command \ij (encoding OT1) on input li
ne 2078.
LaTeX Encoding Info:    Redeclaring text command \IJ (encoding OT1) on input li
ne 2080.
LaTeX Encoding Info:    Redeclaring text command \ij (encoding T1) on input lin
e 2082.
LaTeX Encoding Info:    Redeclaring text command \IJ (encoding T1) on input lin
e 2083.
LaTeX Encoding Info:    Ignoring declaration for text command \ij (encoding ?) 
on input line 2084.
LaTeX Encoding Info:    Ignoring declaration for text command \IJ (encoding ?) 
on input line 2086.
LaTeX Encoding Info:    Ignoring declaration for text command \SS (encoding ?) 
on input line 2111.
\U@D=\dimen149
\l@unhyphenated=\language23

(/usr/local/texlive/2026basic/texmf-dist/tex/generic/babel/txtbabel.def)
\bbl@readstream=\read2
\bbl@dirlevel=\count284

(/usr/local/texlive/2026basic/texmf-dist/tex/generic/babel/locale/invalid/babel
-brazil.tex)

Package babel Warning: Name 'brazil' is deprecated.
(babel)                Use 'brazilian' instead.
(babel)                Reported on input line 4330.

Package babel Info: Importing font and identification data for brazil
(babel)             from babel-pt-BR.ini. Reported on input line 4330.

(/usr/local/texlive/2026basic/texmf-dist/tex/generic/babel-portuges/brazilian.l
df
Language: portuges 2026/01/24 v1.2u Portuguese support from the babel system
Package babel Info: Hyphen rules for 'brazil' set to \l@portuguese
(babel)             (\language20). Reported on input line 100.
Package babel Info: Making " an active character on input line 132.
)) (/usr/local/texlive/2026basic/texmf-dist/tex/latex/graphics/graphicx.sty
Package: graphicx 2024/12/31 v1.2e Enhanced LaTeX Graphics (DPC,SPQR)

(/usr/local/texlive/2026basic/texmf-dist/tex/latex/graphics/keyval.sty
Package: keyval 2022/05/29 v1.15 key=value parser (DPC)
\KV@toks@=\toks19
)
(/usr/local/texlive/2026basic/texmf-dist/tex/latex/graphics/graphics.sty
Package: graphics 2024/08/06 v1.4g Standard LaTeX Graphics (DPC,SPQR)

(/usr/local/texlive/2026basic/texmf-dist/tex/latex/graphics/trig.sty
Package: trig 2023/12/02 v1.11 sin cos tan (DPC)
)
(/usr/local/texlive/2026basic/texmf-dist/tex/latex/graphics-cfg/graphics.cfg
File: graphics.cfg 2016/06/04 v1.11 sample graphics configuration
)
Package graphics Info: Driver file: pdftex.def on input line 106.

(/usr/local/texlive/2026basic/texmf-dist/tex/latex/graphics-def/pdftex.def
File: pdftex.def 2025/09/29 v1.2d Graphics/color driver for pdftex
))
\Gin@req@height=\dimen150
\Gin@req@width=\dimen151
)
(/usr/local/texlive/2026basic/texmf-dist/tex/latex/amsmath/amsmath.sty
Package: amsmath 2025/07/09 v2.17z AMS math features
\@mathmargin=\skip51

For additional information on amsmath, use the `?' option.
(/usr/local/texlive/2026basic/texmf-dist/tex/latex/amsmath/amstext.sty
Package: amstext 2024/11/17 v2.01 AMS text

(/usr/local/texlive/2026basic/texmf-dist/tex/latex/amsmath/amsgen.sty
File: amsgen.sty 1999/11/30 v2.0 generic functions
\@emptytoks=\toks20
\ex@=\dimen152
))
(/usr/local/texlive/2026basic/texmf-dist/tex/latex/amsmath/amsbsy.sty
Package: amsbsy 1999/11/29 v1.2d Bold Symbols
\pmbraise@=\dimen153
)
(/usr/local/texlive/2026basic/texmf-dist/tex/latex/amsmath/amsopn.sty
Package: amsopn 2022/04/08 v2.04 operator names
)
\inf@bad=\count285
LaTeX Info: Redefining \frac on input line 233.
\uproot@=\count286
\leftroot@=\count287
LaTeX Info: Redefining \overline on input line 398.
LaTeX Info: Redefining \colon on input line 409.
\classnum@=\count288
\DOTSCASE@=\count289
LaTeX Info: Redefining \ldots on input line 495.
LaTeX Info: Redefining \dots on input line 498.
LaTeX Info: Redefining \cdots on input line 619.
\Mathstrutbox@=\box53
\strutbox@=\box54
LaTeX Info: Redefining \big on input line 721.
LaTeX Info: Redefining \Big on input line 722.
LaTeX Info: Redefining \bigg on input line 723.
LaTeX Info: Redefining \Bigg on input line 724.
\big@size=\dimen154
LaTeX Font Info:    Redeclaring font encoding OML on input line 742.
LaTeX Font Info:    Redeclaring font encoding OMS on input line 743.
\macc@depth=\count290
LaTeX Info: Redefining \bmod on input line 904.
LaTeX Info: Redefining \pmod on input line 909.
LaTeX Info: Redefining \smash on input line 939.
LaTeX Info: Redefining \relbar on input line 969.
LaTeX Info: Redefining \Relbar on input line 970.
\c@MaxMatrixCols=\count291
\dotsspace@=\muskip17
\c@parentequation=\count292
\dspbrk@lvl=\count293
\tag@help=\toks21
\row@=\count294
\column@=\count295
\maxfields@=\count296
\andhelp@=\toks22
\eqnshift@=\dimen155
\alignsep@=\dimen156
\tagshift@=\dimen157
\tagwidth@=\dimen158
\totwidth@=\dimen159
\lineht@=\dimen160
\@envbody=\toks23
\multlinegap=\skip52
\multlinetaggap=\skip53
\mathdisplay@stack=\toks24
LaTeX Info: Redefining \[ on input line 2950.
LaTeX Info: Redefining \] on input line 2951.
)
(/usr/local/texlive/2026basic/texmf-dist/tex/latex/amsfonts/amssymb.sty
Package: amssymb 2013/01/14 v3.01 AMS font symbols

(/usr/local/texlive/2026basic/texmf-dist/tex/latex/amsfonts/amsfonts.sty
Package: amsfonts 2013/01/14 v3.01 Basic AMSFonts support
\symAMSa=\mathgroup4
\symAMSb=\mathgroup5
LaTeX Font Info:    Redeclaring math symbol \hbar on input line 98.
LaTeX Font Info:    Overwriting math alphabet `\mathfrak' in version `bold'
(Font)                  U/euf/m/n --> U/euf/b/n on input line 106.
))
(/usr/local/texlive/2026basic/texmf-dist/tex/latex/hyperref/hyperref.sty
Package: hyperref 2026-01-29 v7.01p Hypertext links for LaTeX

(/usr/local/texlive/2026basic/texmf-dist/tex/generic/iftex/iftex.sty
Package: iftex 2024/12/12 v1.0g TeX engine tests
)
(/usr/local/texlive/2026basic/texmf-dist/tex/latex/kvsetkeys/kvsetkeys.sty
Package: kvsetkeys 2022-10-05 v1.19 Key value parser (HO)
)
(/usr/local/texlive/2026basic/texmf-dist/tex/generic/kvdefinekeys/kvdefinekeys.
sty
Package: kvdefinekeys 2019-12-19 v1.6 Define keys (HO)
)
(/usr/local/texlive/2026basic/texmf-dist/tex/generic/pdfescape/pdfescape.sty
Package: pdfescape 2019/12/09 v1.15 Implements pdfTeX's escape features (HO)

(/usr/local/texlive/2026basic/texmf-dist/tex/generic/ltxcmds/ltxcmds.sty
Package: ltxcmds 2023-12-04 v1.26 LaTeX kernel commands for general use (HO)
)
(/usr/local/texlive/2026basic/texmf-dist/tex/generic/pdftexcmds/pdftexcmds.sty
Package: pdftexcmds 2020-06-27 v0.33 Utility functions of pdfTeX for LuaTeX (HO
)

(/usr/local/texlive/2026basic/texmf-dist/tex/generic/infwarerr/infwarerr.sty
Package: infwarerr 2019/12/03 v1.5 Providing info/warning/error messages (HO)
)
Package pdftexcmds Info: \pdf@primitive is available.
Package pdftexcmds Info: \pdf@ifprimitive is available.
Package pdftexcmds Info: \pdfdraftmode found.
)) (/usr/local/texlive/2026basic/texmf-dist/tex/latex/hycolor/hycolor.sty
Package: hycolor 2020-01-27 v1.10 Color options for hyperref/bookmark (HO)
)
(/usr/local/texlive/2026basic/texmf-dist/tex/latex/hyperref/nameref.sty
Package: nameref 2026-01-29 v2.58 Cross-referencing by name of section

(/usr/local/texlive/2026basic/texmf-dist/tex/latex/refcount/refcount.sty
Package: refcount 2019/12/15 v3.6 Data extraction from label references (HO)
)
(/usr/local/texlive/2026basic/texmf-dist/tex/generic/gettitlestring/gettitlestr
ing.sty
Package: gettitlestring 2019/12/15 v1.6 Cleanup title references (HO)

(/usr/local/texlive/2026basic/texmf-dist/tex/latex/kvoptions/kvoptions.sty
Package: kvoptions 2022-06-15 v3.15 Key value format for package options (HO)
))
\c@section@level=\count297
)
(/usr/local/texlive/2026basic/texmf-dist/tex/latex/etoolbox/etoolbox.sty
Package: etoolbox 2025/10/02 v2.5m e-TeX tools for LaTeX (JAW)
\etb@tempcnta=\count298
)
(/usr/local/texlive/2026basic/texmf-dist/tex/generic/stringenc/stringenc.sty
Package: stringenc 2019/11/29 v1.12 Convert strings between diff. encodings (HO
)
)
\@linkdim=\dimen161
\Hy@linkcounter=\count299
\Hy@pagecounter=\count300

(/usr/local/texlive/2026basic/texmf-dist/tex/latex/hyperref/pd1enc.def
File: pd1enc.def 2026-01-29 v7.01p Hyperref: PDFDocEncoding definition (HO)
Now handling font encoding PD1 ...
... no UTF-8 mapping file for font encoding PD1
)
(/usr/local/texlive/2026basic/texmf-dist/tex/generic/intcalc/intcalc.sty
Package: intcalc 2019/12/15 v1.3 Expandable calculations with integers (HO)
)
\Hy@SavedSpaceFactor=\count301

(/usr/local/texlive/2026basic/texmf-dist/tex/latex/hyperref/puenc.def
File: puenc.def 2026-01-29 v7.01p Hyperref: PDF Unicode definition (HO)
Now handling font encoding PU ...
... no UTF-8 mapping file for font encoding PU
)
Package hyperref Info: Hyper figures OFF on input line 4201.
Package hyperref Info: Link nesting OFF on input line 4206.
Package hyperref Info: Hyper index ON on input line 4209.
Package hyperref Info: Plain pages OFF on input line 4216.
Package hyperref Info: Backreferencing OFF on input line 4221.
Package hyperref Info: Implicit mode ON; LaTeX internals redefined.
Package hyperref Info: Bookmarks ON on input line 4468.
\c@Hy@tempcnt=\count302

(/usr/local/texlive/2026basic/texmf-dist/tex/latex/url/url.sty
\Urlmuskip=\muskip18
Package: url 2013/09/16  ver 3.4  Verb mode for urls, etc.
)
LaTeX Info: Redefining \url on input line 4807.
\XeTeXLinkMargin=\dimen162

(/usr/local/texlive/2026basic/texmf-dist/tex/generic/bitset/bitset.sty
Package: bitset 2019/12/09 v1.3 Handle bit-vector datatype (HO)

(/usr/local/texlive/2026basic/texmf-dist/tex/generic/bigintcalc/bigintcalc.sty
Package: bigintcalc 2019/12/15 v1.5 Expandable calculations on big integers (HO
)
))
\Fld@menulength=\count303
\Field@Width=\dimen163
\Fld@charsize=\dimen164
Package hyperref Info: Hyper figures OFF on input line 6084.
Package hyperref Info: Link nesting OFF on input line 6089.
Package hyperref Info: Hyper index ON on input line 6092.
Package hyperref Info: backreferencing OFF on input line 6099.
Package hyperref Info: Link coloring OFF on input line 6104.
Package hyperref Info: Link coloring with OCG OFF on input line 6109.
Package hyperref Info: PDF/A mode OFF on input line 6114.
\Hy@abspage=\count304
\c@Item=\count305
\c@Hfootnote=\count306
)
Package hyperref Info: Driver (autodetected): hpdftex.
 (/usr/local/texlive/2026basic/texmf-dist/tex/latex/hyperref/hpdftex.def
File: hpdftex.def 2026-01-29 v7.01p Hyperref driver for pdfTeX
\Fld@listcount=\count307
\c@bookmark@seq@number=\count308

(/usr/local/texlive/2026basic/texmf-dist/tex/latex/rerunfilecheck/rerunfilechec
k.sty
Package: rerunfilecheck 2025-06-21 v1.11 Rerun checks for auxiliary files (HO)

(/usr/local/texlive/2026basic/texmf-dist/tex/generic/uniquecounter/uniquecounte
r.sty
Package: uniquecounter 2019/12/15 v1.4 Provide unlimited unique counter (HO)
)
Package uniquecounter Info: New unique counter `rerunfilecheck' on input line 2
84.
)
\Hy@SectionHShift=\skip54
)
(/usr/local/texlive/2026basic/texmf-dist/tex/latex/geometry/geometry.sty
Package: geometry 2020/01/02 v5.9 Page Geometry

(/usr/local/texlive/2026basic/texmf-dist/tex/generic/iftex/ifvtex.sty
Package: ifvtex 2019/10/25 v1.7 ifvtex legacy package. Use iftex instead.
)
\Gm@cnth=\count309
\Gm@cntv=\count310
\c@Gm@tempcnt=\count311
\Gm@bindingoffset=\dimen165
\Gm@wd@mp=\dimen166
\Gm@odd@mp=\dimen167
\Gm@even@mp=\dimen168
\Gm@layoutwidth=\dimen169
\Gm@layoutheight=\dimen170
\Gm@layouthoffset=\dimen171
\Gm@layoutvoffset=\dimen172
\Gm@dimlist=\toks25
)
(/usr/local/texlive/2026basic/texmf-dist/tex/latex/float/float.sty
Package: float 2001/11/08 v1.3d Float enhancements (AL)
\c@float@type=\count312
\float@exts=\toks26
\float@box=\box55
\@float@everytoks=\toks27
\@floatcapt=\box56
)
(/usr/local/texlive/2026basic/texmf-dist/tex/latex/listings/listings.sty
\lst@mode=\count313
\lst@gtempboxa=\box57
\lst@token=\toks28
\lst@length=\count314
\lst@currlwidth=\dimen173
\lst@column=\count315
\lst@pos=\count316
\lst@lostspace=\dimen174
\lst@width=\dimen175
\lst@newlines=\count317
\lst@lineno=\count318
\lst@maxwidth=\dimen176

(/usr/local/texlive/2026basic/texmf-dist/tex/latex/listings/lstpatch.sty
File: lstpatch.sty 2025/11/14 1.11b (Carsten Heinz)
)
(/usr/local/texlive/2026basic/texmf-dist/tex/latex/listings/lstmisc.sty
File: lstmisc.sty 2025/11/14 1.11b (Carsten Heinz)
\c@lstnumber=\count319
\lst@skipnumbers=\count320
\lst@framebox=\box58
)
(/usr/local/texlive/2026basic/texmf-dist/tex/latex/listings/listings.cfg
File: listings.cfg 2025/11/14 1.11b listings configuration
))
Package: listings 2025/11/14 1.11b (Carsten Heinz)

==> First Aid for listings.sty no longer applied!
    Expected:
        2024/09/23 1.10c (Carsten Heinz)
    but found:
        2025/11/14 1.11b (Carsten Heinz)
    so I'm assuming it got fixed.
(/usr/local/texlive/2026basic/texmf-dist/tex/latex/xcolor/xcolor.sty
Package: xcolor 2024/09/29 v3.02 LaTeX color extensions (UK)

(/usr/local/texlive/2026basic/texmf-dist/tex/latex/graphics-cfg/color.cfg
File: color.cfg 2016/01/02 v1.6 sample color configuration
)
Package xcolor Info: Driver file: pdftex.def on input line 274.

(/usr/local/texlive/2026basic/texmf-dist/tex/latex/graphics/mathcolor.ltx)
Package xcolor Info: Model `cmy' substituted by `cmy0' on input line 1349.
Package xcolor Info: Model `hsb' substituted by `rgb' on input line 1353.
Package xcolor Info: Model `RGB' extended on input line 1365.
Package xcolor Info: Model `HTML' substituted by `rgb' on input line 1367.
Package xcolor Info: Model `Hsb' substituted by `hsb' on input line 1368.
Package xcolor Info: Model `tHsb' substituted by `hsb' on input line 1369.
Package xcolor Info: Model `HSB' substituted by `hsb' on input line 1370.
Package xcolor Info: Model `Gray' substituted by `gray' on input line 1371.
Package xcolor Info: Model `wave' substituted by `hsb' on input line 1372.
)
(/usr/local/texlive/2026basic/texmf-dist/tex/latex/l3backend/l3backend-pdftex.d
ef
File: l3backend-pdftex.def 2025-10-09 L3 backend support: PDF output (pdfTeX)
\l__color_backend_stack_int=\count321
) (./relatorio.aux
Package babel Info: 'brazil' activates 'portuges' shorthands.
(babel)             Reported on input line 8.
)
\openout1 = `relatorio.aux'.

LaTeX Font Info:    Checking defaults for OML/cmm/m/it on input line 27.
LaTeX Font Info:    ... okay on input line 27.
LaTeX Font Info:    Checking defaults for OMS/cmsy/m/n on input line 27.
LaTeX Font Info:    ... okay on input line 27.
LaTeX Font Info:    Checking defaults for OT1/cmr/m/n on input line 27.
LaTeX Font Info:    ... okay on input line 27.
LaTeX Font Info:    Checking defaults for T1/cmr/m/n on input line 27.
LaTeX Font Info:    ... okay on input line 27.
LaTeX Font Info:    Checking defaults for TS1/cmr/m/n on input line 27.
LaTeX Font Info:    ... okay on input line 27.
LaTeX Font Info:    Checking defaults for OMX/cmex/m/n on input line 27.
LaTeX Font Info:    ... okay on input line 27.
LaTeX Font Info:    Checking defaults for U/cmr/m/n on input line 27.
LaTeX Font Info:    ... okay on input line 27.
LaTeX Font Info:    Checking defaults for PD1/pdf/m/n on input line 27.
LaTeX Font Info:    ... okay on input line 27.
LaTeX Font Info:    Checking defaults for PU/pdf/m/n on input line 27.
LaTeX Font Info:    ... okay on input line 27.

(/usr/local/texlive/2026basic/texmf-dist/tex/context/base/mkii/supp-pdf.mkii
[Loading MPS to PDF converter (version 2006.09.02).]
\scratchcounter=\count322
\scratchdimen=\dimen177
\scratchbox=\box59
\nofMPsegments=\count323
\nofMParguments=\count324
\everyMPshowfont=\toks29
\MPscratchCnt=\count325
\MPscratchDim=\dimen178
\MPnumerator=\count326
\makeMPintoPDFobject=\count327
\everyMPtoPDFconversion=\toks30
)
(/usr/local/texlive/2026basic/texmf-dist/tex/latex/epstopdf-pkg/epstopdf-base.s
ty
Package: epstopdf-base 2020-01-24 v2.11 Base part for package epstopdf
Package epstopdf-base Info: Redefining graphics rule for `.eps' on input line 4
85.

(/usr/local/texlive/2026basic/texmf-dist/tex/latex/latexconfig/epstopdf-sys.cfg
File: epstopdf-sys.cfg 2010/07/13 v1.3 Configuration of (r)epstopdf for TeX Liv
e
))
Package hyperref Info: Link coloring OFF on input line 27.
 (./relatorio.out) (./relatorio.out)
\@outlinefile=\write3
\openout3 = `relatorio.out'.


*geometry* driver: auto-detecting
*geometry* detected driver: pdftex
*geometry* verbose mode - [ preamble ] result:
* driver: pdftex
* paper: a4paper
* layout: <same size as paper>
* layoutoffset:(h,v)=(0.0pt,0.0pt)
* modes: 
* h-part:(L,W,R)=(71.13188pt, 455.24411pt, 71.13188pt)
* v-part:(T,H,B)=(71.13188pt, 702.78308pt, 71.13188pt)
* \paperwidth=597.50787pt
* \paperheight=845.04684pt
* \textwidth=455.24411pt
* \textheight=702.78308pt
* \oddsidemargin=-1.1381pt
* \evensidemargin=-1.1381pt
* \topmargin=-38.1381pt
* \headheight=12.0pt
* \headsep=25.0pt
* \topskip=12.0pt
* \footskip=30.0pt
* \marginparwidth=35.0pt
* \marginparsep=10.0pt
* \columnsep=10.0pt
* \skip\footins=10.8pt plus 4.0pt minus 2.0pt
* \hoffset=0.0pt
* \voffset=0.0pt
* \mag=1000
* \@twocolumnfalse
* \@twosidefalse
* \@mparswitchfalse
* \@reversemarginfalse
* (1in=72.27pt=25.4mm, 1cm=28.453pt)

\c@lstlisting=\count328
LaTeX Font Info:    Trying to load font information for U+msa on input line 30.

(/usr/local/texlive/2026basic/texmf-dist/tex/latex/amsfonts/umsa.fd
File: umsa.fd 2013/01/14 v3.01 AMS symbols A
)
LaTeX Font Info:    Trying to load font information for U+msb on input line 30.


(/usr/local/texlive/2026basic/texmf-dist/tex/latex/amsfonts/umsb.fd
File: umsb.fd 2013/01/14 v3.01 AMS symbols B
)
(/usr/local/texlive/2026basic/texmf-dist/tex/latex/listings/lstlang1.sty
File: lstlang1.sty 2025/11/14 1.11b listings language file
)
(/usr/local/texlive/2026basic/texmf-dist/tex/latex/listings/lstlang1.sty
File: lstlang1.sty 2025/11/14 1.11b listings language file
)
Overfull \hbox (29.273pt too wide) in paragraph at lines 57--58
[]\OT1/cmr/bx/n/12 Fun^^Xc~oes uti-lit^^Sarias \OT1/cmr/m/n/12 --- con-vers~ao 
para cinza (\OT1/cmtt/m/n/12 luminosity\OT1/cmr/m/n/12 ), nor-ma-liza^^Xc~ao (\
OT1/cmtt/m/n/12 norm[]minmax\OT1/cmr/m/n/12 ),
 []

[1

{/usr/local/texlive/2026basic/texmf-var/fonts/map/pdftex/updmap/pdftex.map}]
<imagens/foto.jpg, id=100, 896.34875pt x 614.295pt>
File: imagens/foto.jpg Graphic file (type jpg)
<use imagens/foto.jpg>
Package pdftex.def Info: imagens/foto.jpg  used on input line 74.
(pdftex.def)             Requested size: 227.62206pt x 155.9917pt.
<imagens_relatorio/original.png, id=102, 372.9132pt x 275.1078pt>
File: imagens_relatorio/original.png Graphic file (type png)
<use imagens_relatorio/original.png>
Package pdftex.def Info: imagens_relatorio/original.png  used on input line 84.

(pdftex.def)             Requested size: 227.62206pt x 167.92464pt.

[2
pdfTeX warning (ext4): destination with the same identifier (name{figure.1}) ha
s been already used, duplicate ignored
<argument> ...shipout:D \box_use:N \l_shipout_box 
                                                  \__shipout_drop_firstpage_...
l.94 \textbf{Comparação:}
                            Único filtro que não altera o conteúdo da ima...

pdfTeX warning (ext4): destination with the same identifier (name{figure.2}) ha
s been already used, duplicate ignored
<argument> ...shipout:D \box_use:N \l_shipout_box 
                                                  \__shipout_drop_firstpage_...
l.94 \textbf{Comparação:}
                            Único filtro que não altera o conteúdo da ima...
 <./imagens/foto.jpg> <./imagens_relatorio/original.png>]
<imagens_relatorio/01_shift_resultado.png, id=115, 860.013pt x 315.579pt>
File: imagens_relatorio/01_shift_resultado.png Graphic file (type png)
<use imagens_relatorio/01_shift_resultado.png>
Package pdftex.def Info: imagens_relatorio/01_shift_resultado.png  used on inpu
t line 100.
(pdftex.def)             Requested size: 455.24411pt x 167.049pt.
<imagens_relatorio/01_shift_padding_zero_reflect.png, id=116, 860.013pt x 343.0
416pt>
File: imagens_relatorio/01_shift_padding_zero_reflect.png Graphic file (type pn
g)
<use imagens_relatorio/01_shift_padding_zero_reflect.png>
Package pdftex.def Info: imagens_relatorio/01_shift_padding_zero_reflect.png  u
sed on input line 108.
(pdftex.def)             Requested size: 455.24411pt x 181.58609pt.
<imagens_relatorio/01_shift_padding_none_wrap.png, id=117, 860.013pt x 343.0416
pt>
File: imagens_relatorio/01_shift_padding_none_wrap.png Graphic file (type png)
<use imagens_relatorio/01_shift_padding_none_wrap.png>
Package pdftex.def Info: imagens_relatorio/01_shift_padding_none_wrap.png  used
 on input line 114.
(pdftex.def)             Requested size: 455.24411pt x 181.58609pt.
 [3
pdfTeX warning (ext4): destination with the same identifier (name{figure.3}) ha
s been already used, duplicate ignored
<argument> ...shipout:D \box_use:N \l_shipout_box 
                                                  \__shipout_drop_firstpage_...
l.117 
      
pdfTeX warning (ext4): destination with the same identifier (name{figure.4}) ha
s been already used, duplicate ignored
<argument> ...shipout:D \box_use:N \l_shipout_box 
                                                  \__shipout_drop_firstpage_...
l.117 
       <./imagens_relatorio/01_shift_resultado.png> <./imagens_relatorio/01_shi
ft_padding_zero_reflect.png>]
<imagens_relatorio/01_shift_frequencia.png, id=126, 1293.633pt x 357.4956pt>
File: imagens_relatorio/01_shift_frequencia.png Graphic file (type png)
<use imagens_relatorio/01_shift_frequencia.png>
Package pdftex.def Info: imagens_relatorio/01_shift_frequencia.png  used on inp
ut line 124.
(pdftex.def)             Requested size: 455.24411pt x 125.80719pt.
 [4
pdfTeX warning (ext4): destination with the same identifier (name{figure.5}) ha
s been already used, duplicate ignored
<argument> ...shipout:D \box_use:N \l_shipout_box 
                                                  \__shipout_drop_firstpage_...
l.137 
      
pdfTeX warning (ext4): destination with the same identifier (name{figure.6}) ha
s been already used, duplicate ignored
<argument> ...shipout:D \box_use:N \l_shipout_box 
                                                  \__shipout_drop_firstpage_...
l.137 
       <./imagens_relatorio/01_shift_padding_none_wrap.png> <./imagens_relatori
o/01_shift_frequencia.png>]
<imagens_relatorio/02_box_resultado.png, id=137, 860.013pt x 315.579pt>
File: imagens_relatorio/02_box_resultado.png Graphic file (type png)
<use imagens_relatorio/02_box_resultado.png>
Package pdftex.def Info: imagens_relatorio/02_box_resultado.png  used on input 
line 142.
(pdftex.def)             Requested size: 455.24411pt x 167.049pt.
<imagens_relatorio/02_box_padding_zero_reflect.png, id=138, 860.013pt x 343.041
6pt>
File: imagens_relatorio/02_box_padding_zero_reflect.png Graphic file (type png)

<use imagens_relatorio/02_box_padding_zero_reflect.png>
Package pdftex.def Info: imagens_relatorio/02_box_padding_zero_reflect.png  use
d on input line 150.
(pdftex.def)             Requested size: 455.24411pt x 181.58609pt.
<imagens_relatorio/02_box_padding_none_wrap.png, id=139, 860.013pt x 343.0416pt
>
File: imagens_relatorio/02_box_padding_none_wrap.png Graphic file (type png)
<use imagens_relatorio/02_box_padding_none_wrap.png>
Package pdftex.def Info: imagens_relatorio/02_box_padding_none_wrap.png  used o
n input line 156.
(pdftex.def)             Requested size: 455.24411pt x 181.58609pt.
 [5
pdfTeX warning (ext4): destination with the same identifier (name{figure.7}) ha
s been already used, duplicate ignored
<argument> ...shipout:D \box_use:N \l_shipout_box 
                                                  \__shipout_drop_firstpage_...
l.159 
      
pdfTeX warning (ext4): destination with the same identifier (name{figure.8}) ha
s been already used, duplicate ignored
<argument> ...shipout:D \box_use:N \l_shipout_box 
                                                  \__shipout_drop_firstpage_...
l.159 
       <./imagens_relatorio/02_box_resultado.png> <./imagens_relatorio/02_box_p
adding_zero_reflect.png>]
<imagens_relatorio/02_box_frequencia.png, id=148, 1293.633pt x 357.4956pt>
File: imagens_relatorio/02_box_frequencia.png Graphic file (type png)
<use imagens_relatorio/02_box_frequencia.png>
Package pdftex.def Info: imagens_relatorio/02_box_frequencia.png  used on input
 line 166.
(pdftex.def)             Requested size: 455.24411pt x 125.80719pt.
<imagens_relatorio/03_gaussiano_resultado.png, id=149, 860.013pt x 315.579pt>
File: imagens_relatorio/03_gaussiano_resultado.png Graphic file (type png)
<use imagens_relatorio/03_gaussiano_resultado.png>
Package pdftex.def Info: imagens_relatorio/03_gaussiano_resultado.png  used on 
input line 184.
(pdftex.def)             Requested size: 455.24411pt x 167.049pt.
 [6
pdfTeX warning (ext4): destination with the same identifier (name{figure.9}) ha
s been already used, duplicate ignored
<argument> ...shipout:D \box_use:N \l_shipout_box 
                                                  \__shipout_drop_firstpage_...
l.186 \end{figure}
                  
pdfTeX warning (ext4): destination with the same identifier (name{figure.10}) h
as been already used, duplicate ignored
<argument> ...shipout:D \box_use:N \l_shipout_box 
                                                  \__shipout_drop_firstpage_...
l.186 \end{figure}
                   <./imagens_relatorio/02_box_padding_none_wrap.png> <./imagen
s_relatorio/02_box_frequencia.png>]
<imagens_relatorio/03_gaussiano_padding_zero_reflect.png, id=159, 860.013pt x 3
43.0416pt>
File: imagens_relatorio/03_gaussiano_padding_zero_reflect.png Graphic file (typ
e png)
<use imagens_relatorio/03_gaussiano_padding_zero_reflect.png>
Package pdftex.def Info: imagens_relatorio/03_gaussiano_padding_zero_reflect.pn
g  used on input line 192.
(pdftex.def)             Requested size: 455.24411pt x 181.58609pt.
<imagens_relatorio/03_gaussiano_padding_none_wrap.png, id=160, 860.013pt x 343.
0416pt>
File: imagens_relatorio/03_gaussiano_padding_none_wrap.png Graphic file (type p
ng)
<use imagens_relatorio/03_gaussiano_padding_none_wrap.png>
Package pdftex.def Info: imagens_relatorio/03_gaussiano_padding_none_wrap.png  
used on input line 198.
(pdftex.def)             Requested size: 455.24411pt x 181.58609pt.
 [7
pdfTeX warning (ext4): destination with the same identifier (name{figure.11}) h
as been already used, duplicate ignored
<argument> ...shipout:D \box_use:N \l_shipout_box 
                                                  \__shipout_drop_firstpage_...
l.201 
      
pdfTeX warning (ext4): destination with the same identifier (name{figure.12}) h
as been already used, duplicate ignored
<argument> ...shipout:D \box_use:N \l_shipout_box 
                                                  \__shipout_drop_firstpage_...
l.201 
       <./imagens_relatorio/03_gaussiano_resultado.png> <./imagens_relatorio/03
_gaussiano_padding_zero_reflect.png>]
<imagens_relatorio/03_gaussiano_frequencia.png, id=170, 1293.633pt x 357.4956pt
>
File: imagens_relatorio/03_gaussiano_frequencia.png Graphic file (type png)
<use imagens_relatorio/03_gaussiano_frequencia.png>
Package pdftex.def Info: imagens_relatorio/03_gaussiano_frequencia.png  used on
 input line 208.
(pdftex.def)             Requested size: 455.24411pt x 125.80719pt.

Overfull \hbox (1.30392pt too wide) in paragraph at lines 218--219
\OT1/cmr/m/n/12 real^^Xca mu-dan^^Xcas brus-cas de in-ten-si-dade em to-das as 
dire^^Xc~oes si-mul-ta-ne-a-mente (isotr^^Sopico). 
 []

[8
pdfTeX warning (ext4): destination with the same identifier (name{figure.13}) h
as been already used, duplicate ignored
<argument> ...shipout:D \box_use:N \l_shipout_box 
                                                  \__shipout_drop_firstpage_...
l.221 
      
pdfTeX warning (ext4): destination with the same identifier (name{figure.14}) h
as been already used, duplicate ignored
<argument> ...shipout:D \box_use:N \l_shipout_box 
                                                  \__shipout_drop_firstpage_...
l.221 
       <./imagens_relatorio/03_gaussiano_padding_none_wrap.png> <./imagens_rela
torio/03_gaussiano_frequencia.png>]
<imagens_relatorio/04_laplace_resultado.png, id=180, 860.013pt x 315.579pt>
File: imagens_relatorio/04_laplace_resultado.png Graphic file (type png)
<use imagens_relatorio/04_laplace_resultado.png>
Package pdftex.def Info: imagens_relatorio/04_laplace_resultado.png  used on in
put line 226.
(pdftex.def)             Requested size: 455.24411pt x 167.049pt.
<imagens_relatorio/04_laplace_padding_zero_reflect.png, id=181, 860.013pt x 343
.0416pt>
File: imagens_relatorio/04_laplace_padding_zero_reflect.png Graphic file (type 
png)
<use imagens_relatorio/04_laplace_padding_zero_reflect.png>
Package pdftex.def Info: imagens_relatorio/04_laplace_padding_zero_reflect.png 
 used on input line 234.
(pdftex.def)             Requested size: 455.24411pt x 181.58609pt.
<imagens_relatorio/04_laplace_padding_none_wrap.png, id=182, 860.013pt x 343.04
16pt>
File: imagens_relatorio/04_laplace_padding_none_wrap.png Graphic file (type png
)
<use imagens_relatorio/04_laplace_padding_none_wrap.png>
Package pdftex.def Info: imagens_relatorio/04_laplace_padding_none_wrap.png  us
ed on input line 240.
(pdftex.def)             Requested size: 455.24411pt x 181.58609pt.
 [9
pdfTeX warning (ext4): destination with the same identifier (name{figure.15}) h
as been already used, duplicate ignored
<argument> ...shipout:D \box_use:N \l_shipout_box 
                                                  \__shipout_drop_firstpage_...
l.243 
      
pdfTeX warning (ext4): destination with the same identifier (name{figure.16}) h
as been already used, duplicate ignored
<argument> ...shipout:D \box_use:N \l_shipout_box 
                                                  \__shipout_drop_firstpage_...
l.243 
       <./imagens_relatorio/04_laplace_resultado.png> <./imagens_relatorio/04_l
aplace_padding_zero_reflect.png>]
<imagens_relatorio/04_laplace_frequencia.png, id=191, 1293.633pt x 357.4956pt>
File: imagens_relatorio/04_laplace_frequencia.png Graphic file (type png)
<use imagens_relatorio/04_laplace_frequencia.png>
Package pdftex.def Info: imagens_relatorio/04_laplace_frequencia.png  used on i
nput line 250.
(pdftex.def)             Requested size: 455.24411pt x 125.80719pt.
 [10
pdfTeX warning (ext4): destination with the same identifier (name{figure.17}) h
as been already used, duplicate ignored
<argument> ...shipout:D \box_use:N \l_shipout_box 
                                                  \__shipout_drop_firstpage_...
l.263 
      
pdfTeX warning (ext4): destination with the same identifier (name{figure.18}) h
as been already used, duplicate ignored
<argument> ...shipout:D \box_use:N \l_shipout_box 
                                                  \__shipout_drop_firstpage_...
l.263 
       <./imagens_relatorio/04_laplace_padding_none_wrap.png> <./imagens_relato
rio/04_laplace_frequencia.png>]
<imagens_relatorio/05_sobel_resultado.png, id=200, 860.013pt x 315.579pt>
File: imagens_relatorio/05_sobel_resultado.png Graphic file (type png)
<use imagens_relatorio/05_sobel_resultado.png>
Package pdftex.def Info: imagens_relatorio/05_sobel_resultado.png  used on inpu
t line 268.
(pdftex.def)             Requested size: 455.24411pt x 167.049pt.
<imagens_relatorio/05_sobel_padding_zero_reflect.png, id=201, 860.013pt x 343.0
416pt>
File: imagens_relatorio/05_sobel_padding_zero_reflect.png Graphic file (type pn
g)
<use imagens_relatorio/05_sobel_padding_zero_reflect.png>
Package pdftex.def Info: imagens_relatorio/05_sobel_padding_zero_reflect.png  u
sed on input line 276.
(pdftex.def)             Requested size: 455.24411pt x 181.58609pt.
<imagens_relatorio/05_sobel_padding_none_wrap.png, id=202, 860.013pt x 343.0416
pt>
File: imagens_relatorio/05_sobel_padding_none_wrap.png Graphic file (type png)
<use imagens_relatorio/05_sobel_padding_none_wrap.png>
Package pdftex.def Info: imagens_relatorio/05_sobel_padding_none_wrap.png  used
 on input line 282.
(pdftex.def)             Requested size: 455.24411pt x 181.58609pt.
 [11
pdfTeX warning (ext4): destination with the same identifier (name{figure.19}) h
as been already used, duplicate ignored
<argument> ...shipout:D \box_use:N \l_shipout_box 
                                                  \__shipout_drop_firstpage_...
l.285 
      
pdfTeX warning (ext4): destination with the same identifier (name{figure.20}) h
as been already used, duplicate ignored
<argument> ...shipout:D \box_use:N \l_shipout_box 
                                                  \__shipout_drop_firstpage_...
l.285 
       <./imagens_relatorio/05_sobel_resultado.png> <./imagens_relatorio/05_sob
el_padding_zero_reflect.png>]
<imagens_relatorio/05_sobel_freq_kernels.png, id=211, 727.9998pt x 357.4956pt>
File: imagens_relatorio/05_sobel_freq_kernels.png Graphic file (type png)
<use imagens_relatorio/05_sobel_freq_kernels.png>
Package pdftex.def Info: imagens_relatorio/05_sobel_freq_kernels.png  used on i
nput line 292.
(pdftex.def)             Requested size: 455.24411pt x 223.55966pt.
<imagens_relatorio/05_sobel_frequencia.png, id=212, 860.013pt x 341.1144pt>
File: imagens_relatorio/05_sobel_frequencia.png Graphic file (type png)
<use imagens_relatorio/05_sobel_frequencia.png>
Package pdftex.def Info: imagens_relatorio/05_sobel_frequencia.png  used on inp
ut line 298.
(pdftex.def)             Requested size: 455.24411pt x 180.56593pt.
 [12
pdfTeX warning (ext4): destination with the same identifier (name{figure.21}) h
as been already used, duplicate ignored
<argument> ...shipout:D \box_use:N \l_shipout_box 
                                                  \__shipout_drop_firstpage_...
l.301 
      
pdfTeX warning (ext4): destination with the same identifier (name{figure.22}) h
as been already used, duplicate ignored
<argument> ...shipout:D \box_use:N \l_shipout_box 
                                                  \__shipout_drop_firstpage_...
l.301 
       <./imagens_relatorio/05_sobel_padding_none_wrap.png> <./imagens_relatori
o/05_sobel_freq_kernels.png>]
<imagens_relatorio/06_sharpen_laplace_resultado.png, id=221, 860.013pt x 315.57
9pt>
File: imagens_relatorio/06_sharpen_laplace_resultado.png Graphic file (type png
)
<use imagens_relatorio/06_sharpen_laplace_resultado.png>
Package pdftex.def Info: imagens_relatorio/06_sharpen_laplace_resultado.png  us
ed on input line 316.
(pdftex.def)             Requested size: 455.24411pt x 167.049pt.
<imagens_relatorio/06_sharpen_laplace_padding_zero_reflect.png, id=222, 860.013
pt x 343.0416pt>
File: imagens_relatorio/06_sharpen_laplace_padding_zero_reflect.png Graphic fil
e (type png)
<use imagens_relatorio/06_sharpen_laplace_padding_zero_reflect.png>
Package pdftex.def Info: imagens_relatorio/06_sharpen_laplace_padding_zero_refl
ect.png  used on input line 324.
(pdftex.def)             Requested size: 455.24411pt x 181.58609pt.
 [13
pdfTeX warning (ext4): destination with the same identifier (name{figure.23}) h
as been already used, duplicate ignored
<argument> ...shipout:D \box_use:N \l_shipout_box 
                                                  \__shipout_drop_firstpage_...
l.326 \end{figure}
                  
pdfTeX warning (ext4): destination with the same identifier (name{figure.24}) h
as been already used, duplicate ignored
<argument> ...shipout:D \box_use:N \l_shipout_box 
                                                  \__shipout_drop_firstpage_...
l.326 \end{figure}
                   <./imagens_relatorio/05_sobel_frequencia.png> <./imagens_rel
atorio/06_sharpen_laplace_resultado.png>]
<imagens_relatorio/06_sharpen_laplace_padding_none_wrap.png, id=232, 860.013pt 
x 343.0416pt>
File: imagens_relatorio/06_sharpen_laplace_padding_none_wrap.png Graphic file (
type png)
<use imagens_relatorio/06_sharpen_laplace_padding_none_wrap.png>
Package pdftex.def Info: imagens_relatorio/06_sharpen_laplace_padding_none_wrap
.png  used on input line 330.
(pdftex.def)             Requested size: 455.24411pt x 181.58609pt.
<imagens_relatorio/06_sharpen_laplace_frequencia.png, id=233, 860.013pt x 341.1
144pt>
File: imagens_relatorio/06_sharpen_laplace_frequencia.png Graphic file (type pn
g)
<use imagens_relatorio/06_sharpen_laplace_frequencia.png>
Package pdftex.def Info: imagens_relatorio/06_sharpen_laplace_frequencia.png  u
sed on input line 340.
(pdftex.def)             Requested size: 455.24411pt x 180.56593pt.
 [14
pdfTeX warning (ext4): destination with the same identifier (name{figure.25}) h
as been already used, duplicate ignored
<argument> ...shipout:D \box_use:N \l_shipout_box 
                                                  \__shipout_drop_firstpage_...
l.343 
      
pdfTeX warning (ext4): destination with the same identifier (name{figure.26}) h
as been already used, duplicate ignored
<argument> ...shipout:D \box_use:N \l_shipout_box 
                                                  \__shipout_drop_firstpage_...
l.343 
       <./imagens_relatorio/06_sharpen_laplace_padding_zero_reflect.png> <./ima
gens_relatorio/06_sharpen_laplace_padding_none_wrap.png>]
<imagens_relatorio/07_unsharp_mask_resultado.png, id=242, 860.013pt x 315.579pt
>
File: imagens_relatorio/07_unsharp_mask_resultado.png Graphic file (type png)
<use imagens_relatorio/07_unsharp_mask_resultado.png>
Package pdftex.def Info: imagens_relatorio/07_unsharp_mask_resultado.png  used 
on input line 358.
(pdftex.def)             Requested size: 455.24411pt x 167.049pt.
 [15
pdfTeX warning (ext4): destination with the same identifier (name{figure.27}) h
as been already used, duplicate ignored
<argument> ...shipout:D \box_use:N \l_shipout_box 
                                                  \__shipout_drop_firstpage_...
l.361 
       <./imagens_relatorio/06_sharpen_laplace_frequencia.png>]
<imagens_relatorio/07_unsharp_mask_padding_zero_reflect.png, id=249, 860.013pt 
x 343.0416pt>
File: imagens_relatorio/07_unsharp_mask_padding_zero_reflect.png Graphic file (
type png)
<use imagens_relatorio/07_unsharp_mask_padding_zero_reflect.png>
Package pdftex.def Info: imagens_relatorio/07_unsharp_mask_padding_zero_reflect
.png  used on input line 366.
(pdftex.def)             Requested size: 455.24411pt x 181.58609pt.
<imagens_relatorio/07_unsharp_mask_padding_none_wrap.png, id=250, 860.013pt x 3
43.0416pt>
File: imagens_relatorio/07_unsharp_mask_padding_none_wrap.png Graphic file (typ
e png)
<use imagens_relatorio/07_unsharp_mask_padding_none_wrap.png>
Package pdftex.def Info: imagens_relatorio/07_unsharp_mask_padding_none_wrap.pn
g  used on input line 372.
(pdftex.def)             Requested size: 455.24411pt x 181.58609pt.
 [16
pdfTeX warning (ext4): destination with the same identifier (name{figure.28}) h
as been already used, duplicate ignored
<argument> ...shipout:D \box_use:N \l_shipout_box 
                                                  \__shipout_drop_firstpage_...
l.375 
      
pdfTeX warning (ext4): destination with the same identifier (name{figure.29}) h
as been already used, duplicate ignored
<argument> ...shipout:D \box_use:N \l_shipout_box 
                                                  \__shipout_drop_firstpage_...
l.375 
       <./imagens_relatorio/07_unsharp_mask_resultado.png> <./imagens_relatorio
/07_unsharp_mask_padding_zero_reflect.png>]
<imagens_relatorio/07_unsharp_mask_frequencia.png, id=259, 860.013pt x 341.1144
pt>
File: imagens_relatorio/07_unsharp_mask_frequencia.png Graphic file (type png)
<use imagens_relatorio/07_unsharp_mask_frequencia.png>
Package pdftex.def Info: imagens_relatorio/07_unsharp_mask_frequencia.png  used
 on input line 382.
(pdftex.def)             Requested size: 455.24411pt x 180.56593pt.
 [17
pdfTeX warning (ext4): destination with the same identifier (name{figure.30}) h
as been already used, duplicate ignored
<argument> ...shipout:D \box_use:N \l_shipout_box 
                                                  \__shipout_drop_firstpage_...
l.393 
      
pdfTeX warning (ext4): destination with the same identifier (name{figure.31}) h
as been already used, duplicate ignored
<argument> ...shipout:D \box_use:N \l_shipout_box 
                                                  \__shipout_drop_firstpage_...
l.393 
       <./imagens_relatorio/07_unsharp_mask_padding_none_wrap.png> <./imagens_r
elatorio/07_unsharp_mask_frequencia.png>]
<imagens_relatorio/08_emboss_resultado.png, id=268, 860.013pt x 315.579pt>
File: imagens_relatorio/08_emboss_resultado.png Graphic file (type png)
<use imagens_relatorio/08_emboss_resultado.png>
Package pdftex.def Info: imagens_relatorio/08_emboss_resultado.png  used on inp
ut line 400.
(pdftex.def)             Requested size: 455.24411pt x 167.049pt.
<imagens_relatorio/08_emboss_padding_zero_reflect.png, id=269, 860.013pt x 343.
0416pt>
File: imagens_relatorio/08_emboss_padding_zero_reflect.png Graphic file (type p
ng)
<use imagens_relatorio/08_emboss_padding_zero_reflect.png>
Package pdftex.def Info: imagens_relatorio/08_emboss_padding_zero_reflect.png  
used on input line 408.
(pdftex.def)             Requested size: 455.24411pt x 181.58609pt.
<imagens_relatorio/08_emboss_padding_none_wrap.png, id=270, 860.013pt x 343.041
6pt>
File: imagens_relatorio/08_emboss_padding_none_wrap.png Graphic file (type png)

<use imagens_relatorio/08_emboss_padding_none_wrap.png>
Package pdftex.def Info: imagens_relatorio/08_emboss_padding_none_wrap.png  use
d on input line 414.
(pdftex.def)             Requested size: 455.24411pt x 181.58609pt.
 [18
pdfTeX warning (ext4): destination with the same identifier (name{figure.32}) h
as been already used, duplicate ignored
<argument> ...shipout:D \box_use:N \l_shipout_box 
                                                  \__shipout_drop_firstpage_...
l.417 
      
pdfTeX warning (ext4): destination with the same identifier (name{figure.33}) h
as been already used, duplicate ignored
<argument> ...shipout:D \box_use:N \l_shipout_box 
                                                  \__shipout_drop_firstpage_...
l.417 
       <./imagens_relatorio/08_emboss_resultado.png> <./imagens_relatorio/08_em
boss_padding_zero_reflect.png>]
<imagens_relatorio/08_emboss_frequencia.png, id=279, 1293.633pt x 357.4956pt>
File: imagens_relatorio/08_emboss_frequencia.png Graphic file (type png)
<use imagens_relatorio/08_emboss_frequencia.png>
Package pdftex.def Info: imagens_relatorio/08_emboss_frequencia.png  used on in
put line 424.
(pdftex.def)             Requested size: 455.24411pt x 125.80719pt.
 [19
pdfTeX warning (ext4): destination with the same identifier (name{figure.34}) h
as been already used, duplicate ignored
<argument> ...shipout:D \box_use:N \l_shipout_box 
                                                  \__shipout_drop_firstpage_...
l.435 
      
pdfTeX warning (ext4): destination with the same identifier (name{figure.35}) h
as been already used, duplicate ignored
<argument> ...shipout:D \box_use:N \l_shipout_box 
                                                  \__shipout_drop_firstpage_...
l.435 
       <./imagens_relatorio/08_emboss_padding_none_wrap.png> <./imagens_relator
io/08_emboss_frequencia.png>]
<imagens/alta_freq.jpg, id=289, 2654.91875pt x 1527.7075pt>
File: imagens/alta_freq.jpg Graphic file (type jpg)
<use imagens/alta_freq.jpg>
Package pdftex.def Info: imagens/alta_freq.jpg  used on input line 446.
(pdftex.def)             Requested size: 227.62206pt x 130.96068pt.
<imagens_relatorio/p2_alta_freq_espectro.png, id=290, 860.013pt x 264.0264pt>
File: imagens_relatorio/p2_alta_freq_espectro.png Graphic file (type png)
<use imagens_relatorio/p2_alta_freq_espectro.png>
Package pdftex.def Info: imagens_relatorio/p2_alta_freq_espectro.png  used on i
nput line 454.
(pdftex.def)             Requested size: 227.62206pt x 69.87802pt.
<imagens_relatorio/p2_alta_freq_progressivo.png, id=291, 1438.173pt x 498.1812p
t>
File: imagens_relatorio/p2_alta_freq_progressivo.png Graphic file (type png)
<use imagens_relatorio/p2_alta_freq_progressivo.png>
Package pdftex.def Info: imagens_relatorio/p2_alta_freq_progressivo.png  used o
n input line 464.
(pdftex.def)             Requested size: 455.24411pt x 157.69566pt.
 [20
pdfTeX warning (ext4): destination with the same identifier (name{figure.36}) h
as been already used, duplicate ignored
<argument> ...shipout:D \box_use:N \l_shipout_box 
                                                  \__shipout_drop_firstpage_...
l.467 
      
pdfTeX warning (ext4): destination with the same identifier (name{figure.37}) h
as been already used, duplicate ignored
<argument> ...shipout:D \box_use:N \l_shipout_box 
                                                  \__shipout_drop_firstpage_...
l.467 
       <./imagens/alta_freq.jpg> <./imagens_relatorio/p2_alta_freq_espectro.png
>]
<imagens_relatorio/p2_alta_freq_reconstruida.png, id=299, 860.013pt x 264.0264p
t>
File: imagens_relatorio/p2_alta_freq_reconstruida.png Graphic file (type png)
<use imagens_relatorio/p2_alta_freq_reconstruida.png>
Package pdftex.def Info: imagens_relatorio/p2_alta_freq_reconstruida.png  used 
on input line 476.
(pdftex.def)             Requested size: 227.62206pt x 69.87802pt.
<imagens/baixa_freq.jpg, id=300, 3131.7pt x 4175.6pt>
File: imagens/baixa_freq.jpg Graphic file (type jpg)
<use imagens/baixa_freq.jpg>
Package pdftex.def Info: imagens/baixa_freq.jpg  used on input line 486.
(pdftex.def)             Requested size: 227.62206pt x 303.4719pt.
 [21
pdfTeX warning (ext4): destination with the same identifier (name{figure.38}) h
as been already used, duplicate ignored
<argument> ...shipout:D \box_use:N \l_shipout_box 
                                                  \__shipout_drop_firstpage_...
l.489 
      
pdfTeX warning (ext4): destination with the same identifier (name{figure.39}) h
as been already used, duplicate ignored
<argument> ...shipout:D \box_use:N \l_shipout_box 
                                                  \__shipout_drop_firstpage_...
l.489 
       <./imagens_relatorio/p2_alta_freq_progressivo.png> <./imagens_relatorio/
p2_alta_freq_reconstruida.png>]
<imagens_relatorio/p2_baixa_freq_espectro.png, id=309, 637.4214pt x 353.6412pt>

File: imagens_relatorio/p2_baixa_freq_espectro.png Graphic file (type png)
<use imagens_relatorio/p2_baixa_freq_espectro.png>
Package pdftex.def Info: imagens_relatorio/p2_baixa_freq_espectro.png  used on 
input line 494.
(pdftex.def)             Requested size: 227.62206pt x 126.28546pt.
<imagens_relatorio/p2_baixa_freq_progressivo.png, id=310, 1312.4232pt x 569.969
4pt>
File: imagens_relatorio/p2_baixa_freq_progressivo.png Graphic file (type png)
<use imagens_relatorio/p2_baixa_freq_progressivo.png>
Package pdftex.def Info: imagens_relatorio/p2_baixa_freq_progressivo.png  used 
on input line 504.
(pdftex.def)             Requested size: 455.24411pt x 197.70068pt.
 [22
pdfTeX warning (ext4): destination with the same identifier (name{figure.40}) h
as been already used, duplicate ignored
<argument> ...shipout:D \box_use:N \l_shipout_box 
                                                  \__shipout_drop_firstpage_...
l.507 
      
pdfTeX warning (ext4): destination with the same identifier (name{figure.41}) h
as been already used, duplicate ignored
<argument> ...shipout:D \box_use:N \l_shipout_box 
                                                  \__shipout_drop_firstpage_...
l.507 
       <./imagens/baixa_freq.jpg> <./imagens_relatorio/p2_baixa_freq_espectro.p
ng>]
<imagens_relatorio/p2_baixa_freq_reconstruida.png, id=318, 637.4214pt x 353.641
2pt>
File: imagens_relatorio/p2_baixa_freq_reconstruida.png Graphic file (type png)
<use imagens_relatorio/p2_baixa_freq_reconstruida.png>
Package pdftex.def Info: imagens_relatorio/p2_baixa_freq_reconstruida.png  used
 on input line 516.
(pdftex.def)             Requested size: 227.62206pt x 126.28546pt.
 [23
pdfTeX warning (ext4): destination with the same identifier (name{figure.42}) h
as been already used, duplicate ignored
<argument> ...shipout:D \box_use:N \l_shipout_box 
                                                  \__shipout_drop_firstpage_...
l.525   \item A
                \textbf{imagem de baixa frequência} (paisagem) ganha forma ...

pdfTeX warning (ext4): destination with the same identifier (name{figure.43}) h
as been already used, duplicate ignored
<argument> ...shipout:D \box_use:N \l_shipout_box 
                                                  \__shipout_drop_firstpage_...
l.525   \item A
                \textbf{imagem de baixa frequência} (paisagem) ganha forma ...
 <./imagens_relatorio/p2_baixa_freq_progressivo.png> <./imagens_relatorio/p2_ba
ixa_freq_reconstruida.png>] [24] (./relatorio.aux)
 ***********
LaTeX2e <2025-11-01>
L3 programming layer <2026-01-19>
 ***********
Package rerunfilecheck Info: File `relatorio.out' has not changed.
(rerunfilecheck)             Checksum: 9CE903660B1F9C05379796A334F3A44F;3332.
 ) 
Here is how much of TeX's memory you used:
 13956 strings out of 469006
 222431 string characters out of 5454813
 979868 words of memory out of 5000000
 42399 multiletter control sequences out of 15000+600000
 637158 words of font info for 77 fonts, out of 8000000 for 9000
 319 hyphenation exceptions out of 8191
 75i,7n,79p,790b,1216s stack positions out of 10000i,1000n,20000p,200000b,200000s
 </Users/caue.lira/Library/texlive/2026basic/texmf-var/fonts/pk/ljfour/jknapp
en/ec/tcrm1200.600pk></usr/local/texlive/2026basic/texmf-dist/fonts/type1/publi
c/amsfonts/cm/cmbx12.pfb></usr/local/texlive/2026basic/texmf-dist/fonts/type1/p
ublic/amsfonts/cm/cmex10.pfb></usr/local/texlive/2026basic/texmf-dist/fonts/typ
e1/public/amsfonts/cm/cmmi12.pfb></usr/local/texlive/2026basic/texmf-dist/fonts
/type1/public/amsfonts/cm/cmmi8.pfb></usr/local/texlive/2026basic/texmf-dist/fo
nts/type1/public/amsfonts/cm/cmr12.pfb></usr/local/texlive/2026basic/texmf-dist
/fonts/type1/public/amsfonts/cm/cmr17.pfb></usr/local/texlive/2026basic/texmf-d
ist/fonts/type1/public/amsfonts/cm/cmr6.pfb></usr/local/texlive/2026basic/texmf
-dist/fonts/type1/public/amsfonts/cm/cmr8.pfb></usr/local/texlive/2026basic/tex
mf-dist/fonts/type1/public/amsfonts/cm/cmsy10.pfb></usr/local/texlive/2026basic
/texmf-dist/fonts/type1/public/amsfonts/cm/cmsy8.pfb></usr/local/texlive/2026ba
sic/texmf-dist/fonts/type1/public/amsfonts/cm/cmtt10.pfb></usr/local/texlive/20
26basic/texmf-dist/fonts/type1/public/amsfonts/cm/cmtt12.pfb>
Output written on relatorio.pdf (24 pages, 20825981 bytes).
PDF statistics:
 411 PDF objects out of 1000 (max. 8388607)
 274 compressed objects within 3 object streams
 100 named destinations out of 1000 (max. 500000)
 360 words of extra memory for PDF output out of 10000 (max. 10000000)

